taxonomy,loss_type,value
RM,structural,3.65363E+02
RC+,structural,1.79192E+02
