asset_ref,taxonomy,lon,lat,occupants~poe-0.01,occupants~poe-0.02
a3,"tax1",-122.57000,38.11300,1.91549E-03,1.91549E-03
a2,"tax1",-122.11400,38.11300,4.18687E-03,4.18687E-03
a5,"tax1",-122.00000,37.91000,5.22806E-03,5.22806E-03
a4,"tax1",-122.00000,38.00000,3.15778E-02,3.15778E-02
a1,"tax1",-122.00000,38.11300,5.16509E-02,5.16509E-02
a6,"tax1",-122.00000,38.22500,3.09364E-02,3.09364E-02
a7,"tax1",-121.88600,38.11300,1.09792E-02,1.09792E-02
