      20 /private/var/folders/pf/ts7mzrcj5_j2yc4ydh_stpch000chm/T/tmpjtmxt8z1/stg22eba369-2f58-4cd9-a15c-5ab0f3ff6dea/echo.stdout
