       1       4      20 /private/var/folders/pf/ts7mzrcj5_j2yc4ydh_stpch000chm/T/tmp7t5kv295/stgcba294bb-8372-467c-8131-d62f39e7389d/echo.stdout
