asset_ref,taxonomy,lon,lat,structural
a3,"tax1",-122.57000,38.11300,6.72207E-01
a2,"tax1",-122.11400,38.11300,8.77891E+00
a5,"tax1",-122.00000,37.91000,4.62054E+00
a4,"tax1",-122.00000,38.00000,2.18764E+01
a1,"tax1",-122.00000,38.11300,3.26230E+01
a6,"tax1",-122.00000,38.22500,1.21518E+01
a7,"tax1",-121.88600,38.11300,8.96205E+00
