annual_frequency_of_exceedence,return_period,structural
1.00000E+00,1,0.00000E+00
5.00000E-01,2,0.00000E+00
2.00000E-01,5,7.66973E+02
