======= ======= =======
PGA     SA(0.3) SA(0.6)
======= ======= =======
0.00259 0.00202 0.00168
======= ======= =======