asset_ref,taxonomy,state,cresta,occupancy,lon,lat,business_interruption,contents,nonstructural,occupants,structural,business_interruption_ins,contents_ins,nonstructural_ins,occupants_ins,structural_ins
a3,"tax1","02","0.21","Com",-122.57000,38.11300,2.36249E+02,1.37386E+03,2.06078E+03,4.72497E-03,5.33362E+02,3.50000E+00,3.50000E+00,3.50000E+00,0.00000E+00,2.45000E+00
a2,"tax2","01","0.12","Res",-122.11400,38.11300,1.10492E+03,1.05952E+04,1.58928E+04,2.20983E-02,5.14836E+02,2.52778E+01,2.52778E+01,2.52778E+01,0.00000E+00,3.50000E+00
a5,"tax1","02","0.23","Res",-122.00000,37.91000,6.41968E+02,3.28264E+03,4.92395E+03,1.28393E-02,3.75645E+02,1.55556E+01,1.55556E+01,1.55556E+01,0.00000E+00,2.45000E+00
a4,"tax3","02","0.22","Res",-122.00000,38.00000,8.40014E+02,4.49124E+03,6.84882E+03,1.68003E-02,0.00000E+00,2.45000E+01,2.21667E+01,2.45000E+01,0.00000E+00,0.00000E+00
a1,"tax1","01","0.11","Res",-122.00000,38.11300,1.11888E+03,6.13547E+03,9.20320E+03,2.23777E-02,7.63666E+02,2.52778E+01,2.52778E+01,2.52778E+01,0.00000E+00,3.50000E+00
a6,"tax2","03","0.31","Res",-122.00000,38.22500,9.02729E+02,8.24547E+03,1.23682E+04,1.80546E-02,5.78297E+02,2.45000E+01,2.52778E+01,2.52778E+01,0.00000E+00,3.50000E+00
a7,"tax1","03","0.32","Res",-121.88600,38.11300,1.20473E+03,6.69164E+03,1.00375E+04,2.40946E-02,1.15180E+03,2.68333E+01,2.68333E+01,2.68333E+01,0.00000E+00,7.00000E+00
