asset_ref,taxonomy,state,cresta,occupancy,lon,lat,business_interruption,contents,nonstructural,occupants,structural,business_interruption_ins,contents_ins,nonstructural_ins,occupants_ins,structural_ins
a3,"tax1","02","0.21","Com",-122.57000,38.11300,1.61177E+02,9.30157E+02,1.39524E+03,3.22354E-03,3.80973E+02,3.06250E+00,3.06250E+00,3.06250E+00,0.00000E+00,1.75000E+00
a2,"tax2","01","0.12","Res",-122.11400,38.11300,4.16321E+02,6.47215E+03,8.46074E+03,8.32641E-03,4.38502E+02,8.75000E+00,8.75000E+00,8.75000E+00,0.00000E+00,2.93125E+00
a5,"tax1","02","0.23","Res",-122.00000,37.91000,2.55430E+02,1.39334E+03,2.09001E+03,5.10860E-03,2.68318E+02,6.47500E+00,6.47500E+00,6.47500E+00,0.00000E+00,1.75000E+00
a4,"tax3","02","0.22","Res",-122.00000,38.00000,3.17334E+02,1.51302E+03,2.63784E+03,6.34668E-03,5.80474E+01,8.13750E+00,7.87500E+00,8.40000E+00,0.00000E+00,3.93750E-01
a1,"tax1","01","0.11","Res",-122.00000,38.11300,4.48750E+02,2.57085E+03,3.85627E+03,8.97501E-03,7.53770E+02,8.75000E+00,8.75000E+00,8.75000E+00,0.00000E+00,4.11250E+00
a6,"tax2","03","0.31","Res",-122.00000,38.22500,3.97820E+02,4.59528E+03,6.38093E+03,7.95641E-03,4.75580E+02,8.40000E+00,8.75000E+00,8.75000E+00,0.00000E+00,2.93125E+00
a7,"tax1","03","0.32","Res",-121.88600,38.11300,4.72284E+02,2.72401E+03,4.08602E+03,9.44568E-03,8.68068E+02,8.66250E+00,8.66250E+00,8.66250E+00,0.00000E+00,4.28750E+00
