asset_ref,taxonomy,state,cresta,occupancy,lon,lat,business_interruption~poe-0.02,business_interruption~poe-0.1,contents~poe-0.02,contents~poe-0.1,nonstructural~poe-0.02,nonstructural~poe-0.1,occupants~poe-0.02,occupants~poe-0.1,structural~poe-0.02,structural~poe-0.1,business_interruption_ins~poe-0.02,business_interruption_ins~poe-0.1,contents_ins~poe-0.02,contents_ins~poe-0.1,nonstructural_ins~poe-0.02,nonstructural_ins~poe-0.1,occupants_ins~poe-0.02,occupants_ins~poe-0.1,structural_ins~poe-0.02,structural_ins~poe-0.1
a3,"tax1","02","0.21","Com",-122.57000,38.11300,2.21610E+01,2.20674E+01,1.13905E+02,1.13304E+02,1.70857E+02,1.69957E+02,4.43220E-04,4.41348E-04,0.00000E+00,0.00000E+00,7.00000E-01,7.00000E-01,7.00000E-01,7.00000E-01,7.00000E-01,7.00000E-01,0.00000E+00,0.00000E+00,0.00000E+00,0.00000E+00
a2,"tax2","01","0.12","Res",-122.11400,38.11300,4.93334E+01,4.86791E+01,9.96585E+02,9.62424E+02,1.25356E+03,1.21588E+03,9.86668E-04,9.73581E-04,1.17500E+02,1.16457E+02,7.00000E-01,7.00000E-01,7.00000E-01,7.00000E-01,7.00000E-01,7.00000E-01,0.00000E+00,0.00000E+00,7.00000E-01,7.00000E-01
a5,"tax1","02","0.23","Res",-122.00000,37.91000,2.53201E+01,2.52989E+01,1.36111E+02,1.35868E+02,2.04167E+02,2.03802E+02,5.06402E-04,5.05979E-04,0.00000E+00,0.00000E+00,7.00000E-01,7.00000E-01,7.00000E-01,7.00000E-01,7.00000E-01,7.00000E-01,0.00000E+00,0.00000E+00,0.00000E+00,0.00000E+00
a4,"tax3","02","0.22","Res",-122.00000,38.00000,3.69739E+01,3.68390E+01,2.75853E+02,2.70363E+02,2.90216E+02,2.87011E+02,7.39477E-04,7.36780E-04,1.03195E+02,9.73979E+01,7.00000E-01,7.00000E-01,7.00000E-01,7.00000E-01,7.00000E-01,7.00000E-01,0.00000E+00,0.00000E+00,7.00000E-01,6.60675E-01
a1,"tax1","01","0.11","Res",-122.00000,38.11300,4.51641E+01,4.50006E+01,2.63838E+02,2.63017E+02,3.95756E+02,3.94526E+02,9.03281E-04,9.00012E-04,1.21300E+02,1.20969E+02,7.00000E-01,7.00000E-01,7.00000E-01,7.00000E-01,7.00000E-01,7.00000E-01,0.00000E+00,0.00000E+00,7.00000E-01,7.00000E-01
a6,"tax2","03","0.31","Res",-122.00000,38.22500,5.30333E+01,5.22759E+01,3.76730E+02,3.75500E+02,5.65095E+02,5.63250E+02,1.06067E-03,1.04552E-03,1.23484E+02,1.22064E+02,7.00000E-01,7.00000E-01,7.00000E-01,7.00000E-01,7.00000E-01,7.00000E-01,0.00000E+00,0.00000E+00,7.00000E-01,7.00000E-01
a7,"tax1","03","0.32","Res",-121.88600,38.11300,6.36655E+01,6.29118E+01,3.86102E+02,3.81441E+02,5.79153E+02,5.72162E+02,1.27331E-03,1.25824E-03,1.98383E+02,1.96385E+02,7.00000E-01,7.00000E-01,7.00000E-01,7.00000E-01,7.00000E-01,7.00000E-01,0.00000E+00,0.00000E+00,7.00000E-01,7.00000E-01
