========= ======== ===== ====== ========= ============ =========== ===================== =========== ============= =========== ===========
asset_ref taxonomy state cresta occupancy lon          lat         business_interruption contents    nonstructural occupants   structural 
========= ======== ===== ====== ========= ============ =========== ===================== =========== ============= =========== ===========
a1        "tax1"   "01"  "0.11" "Res"     -1.22000E+02 3.81130E+01 4.48750E+02           2.57085E+03 3.85627E+03   8.97501E-03 7.53770E+02
a2        "tax2"   "01"  "0.12" "Res"     -1.22114E+02 3.81130E+01 4.16321E+02           6.47215E+03 8.46074E+03   8.32641E-03 4.38502E+02
a3        "tax1"   "02"  "0.21" "Com"     -1.22570E+02 3.81130E+01 1.61177E+02           9.30157E+02 1.39524E+03   3.22354E-03 3.80973E+02
a4        "tax3"   "02"  "0.22" "Res"     -1.22000E+02 3.80000E+01 3.17334E+02           1.51302E+03 2.63784E+03   6.34668E-03 5.80474E+01
a5        "tax1"   "02"  "0.23" "Res"     -1.22000E+02 3.79100E+01 2.55430E+02           1.39334E+03 2.09001E+03   5.10860E-03 2.68318E+02
a6        "tax2"   "03"  "0.31" "Res"     -1.22000E+02 3.82250E+01 3.97820E+02           4.59528E+03 6.38093E+03   7.95641E-03 4.75580E+02
a7        "tax1"   "03"  "0.32" "Res"     -1.21886E+02 3.81130E+01 4.72284E+02           2.72401E+03 4.08602E+03   9.44568E-03 8.68068E+02
========= ======== ===== ====== ========= ============ =========== ===================== =========== ============= =========== ===========