asset_ref,taxonomy,state,cresta,occupancy,lon,lat,business_interruption,contents,nonstructural,occupants,structural,business_interruption_ins,contents_ins,nonstructural_ins,occupants_ins,structural_ins
a3,"tax1","02","0.21","Com",-122.57000,38.11300,2.15502E+02,1.11352E+03,1.67028E+03,4.31003E-03,0.00000E+00,1.05000E+00,1.05000E+00,1.05000E+00,0.00000E+00,0.00000E+00
a2,"tax2","01","0.12","Res",-122.11400,38.11300,1.02067E+02,3.36862E+03,3.94118E+03,2.04135E-03,5.13042E+02,1.75000E+00,1.75000E+00,1.75000E+00,0.00000E+00,3.50000E+00
a5,"tax1","02","0.23","Res",-122.00000,37.91000,1.02674E+02,5.98380E+02,8.97570E+02,2.05348E-03,0.00000E+00,1.75000E+00,1.75000E+00,1.75000E+00,0.00000E+00,0.00000E+00
a4,"tax3","02","0.22","Res",-122.00000,38.00000,7.12794E+01,2.70560E+02,7.39902E+02,1.42559E-03,0.00000E+00,1.75000E+00,1.75000E+00,1.75000E+00,0.00000E+00,0.00000E+00
a1,"tax1","01","0.11","Res",-122.00000,38.11300,1.27934E+02,7.64952E+02,1.14743E+03,2.55869E-03,2.29100E+02,1.75000E+00,1.75000E+00,1.75000E+00,0.00000E+00,1.05000E+00
a6,"tax2","03","0.31","Res",-122.00000,38.22500,1.21254E+02,2.22266E+03,2.82200E+03,2.42508E-03,5.19181E+02,1.75000E+00,1.75000E+00,1.75000E+00,0.00000E+00,3.50000E+00
a7,"tax1","03","0.32","Res",-121.88600,38.11300,1.27158E+02,7.55696E+02,1.13354E+03,2.54316E-03,3.60617E+02,1.75000E+00,1.75000E+00,1.75000E+00,0.00000E+00,1.75000E+00
