asset_ref,taxonomy,state,cresta,occupancy,lon,lat,business_interruption~poe-0.02,business_interruption~poe-0.1,contents~poe-0.02,contents~poe-0.1,nonstructural~poe-0.02,nonstructural~poe-0.1,occupants~poe-0.02,occupants~poe-0.1,structural~poe-0.02,structural~poe-0.1,business_interruption_ins~poe-0.02,business_interruption_ins~poe-0.1,contents_ins~poe-0.02,contents_ins~poe-0.1,nonstructural_ins~poe-0.02,nonstructural_ins~poe-0.1,occupants_ins~poe-0.02,occupants_ins~poe-0.1,structural_ins~poe-0.02,structural_ins~poe-0.1
a3,"tax1","02","0.21","Com",-122.57000,38.11300,0.00000E+00,0.00000E+00,0.00000E+00,0.00000E+00,0.00000E+00,0.00000E+00,0.00000E+00,0.00000E+00,0.00000E+00,0.00000E+00,0.00000E+00,0.00000E+00,0.00000E+00,0.00000E+00,0.00000E+00,0.00000E+00,0.00000E+00,0.00000E+00,0.00000E+00,0.00000E+00
a2,"tax2","01","0.12","Res",-122.11400,38.11300,4.00643E+01,3.95435E+01,6.44784E+02,6.25996E+02,9.67176E+02,9.38994E+02,8.01287E-04,7.90871E-04,1.02455E+02,9.66989E+01,7.00000E-01,7.00000E-01,7.00000E-01,7.00000E-01,7.00000E-01,7.00000E-01,0.00000E+00,0.00000E+00,7.00000E-01,6.60675E-01
a5,"tax1","02","0.23","Res",-122.00000,37.91000,2.34428E+01,2.33189E+01,1.21772E+02,1.21021E+02,1.82657E+02,1.81531E+02,4.68855E-04,4.66378E-04,0.00000E+00,0.00000E+00,7.00000E-01,7.00000E-01,7.00000E-01,7.00000E-01,7.00000E-01,7.00000E-01,0.00000E+00,0.00000E+00,0.00000E+00,0.00000E+00
a4,"tax3","02","0.22","Res",-122.00000,38.00000,3.14108E+01,3.11237E+01,2.06297E+02,2.04094E+02,2.24536E+02,2.24384E+02,6.28216E-04,6.22473E-04,0.00000E+00,0.00000E+00,7.00000E-01,7.00000E-01,7.00000E-01,7.00000E-01,7.00000E-01,7.00000E-01,0.00000E+00,0.00000E+00,0.00000E+00,0.00000E+00
a1,"tax1","01","0.11","Res",-122.00000,38.11300,3.49539E+01,3.48057E+01,1.98458E+02,1.97501E+02,2.97687E+02,2.96252E+02,6.99079E-04,6.96114E-04,0.00000E+00,0.00000E+00,7.00000E-01,7.00000E-01,7.00000E-01,7.00000E-01,7.00000E-01,7.00000E-01,0.00000E+00,0.00000E+00,0.00000E+00,0.00000E+00
a6,"tax2","03","0.31","Res",-122.00000,38.22500,3.73201E+01,3.68432E+01,3.45042E+02,3.41504E+02,5.17563E+02,5.12256E+02,7.46403E-04,7.36863E-04,9.87691E+01,9.32203E+01,7.00000E-01,7.00000E-01,7.00000E-01,7.00000E-01,7.00000E-01,7.00000E-01,0.00000E+00,0.00000E+00,7.00000E-01,6.60675E-01
a7,"tax1","03","0.32","Res",-121.88600,38.11300,4.37223E+01,4.35771E+01,2.56076E+02,2.55252E+02,3.84113E+02,3.82878E+02,8.74446E-04,8.71543E-04,1.16100E+02,1.15996E+02,7.00000E-01,7.00000E-01,7.00000E-01,7.00000E-01,7.00000E-01,7.00000E-01,0.00000E+00,0.00000E+00,7.00000E-01,7.00000E-01
