asset_ref,taxonomy,state,cresta,occupancy,lon,lat,business_interruption~poe-0.02,business_interruption~poe-0.1,contents~poe-0.02,contents~poe-0.1,nonstructural~poe-0.02,nonstructural~poe-0.1,occupants~poe-0.02,occupants~poe-0.1,structural~poe-0.02,structural~poe-0.1,business_interruption_ins~poe-0.02,business_interruption_ins~poe-0.1,contents_ins~poe-0.02,contents_ins~poe-0.1,nonstructural_ins~poe-0.02,nonstructural_ins~poe-0.1,occupants_ins~poe-0.02,occupants_ins~poe-0.1,structural_ins~poe-0.02,structural_ins~poe-0.1
a3,"tax1","02","0.21","Com",-122.57000,38.11300,2.23725E+01,2.23103E+01,1.13889E+02,1.13493E+02,1.70833E+02,1.70239E+02,4.47450E-04,4.46206E-04,0.00000E+00,0.00000E+00,7.00000E-01,7.00000E-01,7.00000E-01,7.00000E-01,7.00000E-01,7.00000E-01,0.00000E+00,0.00000E+00,0.00000E+00,0.00000E+00
a2,"tax2","01","0.12","Res",-122.11400,38.11300,4.60292E+01,4.55875E+01,5.18733E+02,5.13365E+02,7.78099E+02,7.70047E+02,9.20585E-04,9.11750E-04,1.11578E+02,1.05310E+02,7.00000E-01,7.00000E-01,7.00000E-01,7.00000E-01,7.00000E-01,7.00000E-01,0.00000E+00,0.00000E+00,7.00000E-01,6.60675E-01
a5,"tax1","02","0.23","Res",-122.00000,37.91000,2.90037E+01,2.88581E+01,1.59162E+02,1.58253E+02,2.38743E+02,2.37380E+02,5.80074E-04,5.77162E-04,0.00000E+00,0.00000E+00,7.00000E-01,7.00000E-01,7.00000E-01,7.00000E-01,7.00000E-01,7.00000E-01,0.00000E+00,0.00000E+00,0.00000E+00,0.00000E+00
a4,"tax3","02","0.22","Res",-122.00000,38.00000,3.65018E+01,3.63904E+01,1.38911E+02,1.38217E+02,2.53340E+02,2.52230E+02,7.30035E-04,7.27808E-04,0.00000E+00,0.00000E+00,7.00000E-01,7.00000E-01,7.00000E-01,7.00000E-01,7.00000E-01,7.00000E-01,0.00000E+00,0.00000E+00,0.00000E+00,0.00000E+00
a1,"tax1","01","0.11","Res",-122.00000,38.11300,4.47979E+01,4.45929E+01,2.64870E+02,2.63415E+02,3.97304E+02,3.95122E+02,8.95959E-04,8.91857E-04,1.28024E+02,1.26678E+02,7.00000E-01,7.00000E-01,7.00000E-01,7.00000E-01,7.00000E-01,7.00000E-01,0.00000E+00,0.00000E+00,7.00000E-01,7.00000E-01
a6,"tax2","03","0.31","Res",-122.00000,38.22500,5.83490E+01,5.70299E+01,3.99105E+02,3.95300E+02,5.98657E+02,5.92950E+02,1.16698E-03,1.14060E-03,1.31653E+02,1.24256E+02,7.00000E-01,7.00000E-01,7.00000E-01,7.00000E-01,7.00000E-01,7.00000E-01,0.00000E+00,0.00000E+00,7.00000E-01,6.60675E-01
a7,"tax1","03","0.32","Res",-121.88600,38.11300,5.66035E+01,5.63910E+01,3.40496E+02,3.39421E+02,5.10744E+02,5.09132E+02,1.13207E-03,1.12782E-03,1.80190E+02,1.79693E+02,7.00000E-01,7.00000E-01,7.00000E-01,7.00000E-01,7.00000E-01,7.00000E-01,0.00000E+00,0.00000E+00,7.00000E-01,7.00000E-01
