rlzi,sid,eid,gmv_PGA
0,0,5420248727552,2.583883E-01
