# mean, investigation_time=1.0, imt="PGA", checksum=373428433
lon,lat,depth,poe-0.1,poe-0.4,poe-0.6,poe-1.0
0.00000,0.00000,0.00000,6.632077E-03,8.326393E-04,0.000000E+00,0.000000E+00
